// Jest Snapshot v1, https://goo.gl/fbAQLP

exports[`SearchBar component renders a SearchBar by default 1`] = `
<Route>
  <Component />
</Route>
`;
