// Jest Snapshot v1, https://goo.gl/fbAQLP

exports[`SessionListItem component renders a SessionListItem by default 1`] = `
<Fragment>
  <div
    className="flex-item-header-row"
  >
    <div>
      <span
        className="day-name"
      >
        Tue
      </span>
       
      <span
        className="day-of-week"
      >
        6
      </span>
    </div>
    <div
      className="track business"
    >
      Business
    </div>
  </div>
  <div
    className="flex-row"
  >
    <div
      className="flex-col-then-row cell-fixed-width-50"
    >
      <div
        className="cell-fixed-width-25 hide day-right-border border-business"
      >
        <span
          className="day-name"
        >
          Tue
        </span>
         
        <span
          className="day-of-week"
        >
          6
        </span>
      </div>
      <div
        className="cell-fixed-width-25 time time-right-border border-business"
      >
        <div>
          2:45 PM
          <br />
          3:15 PM
        </div>
      </div>
      <div
        className="description"
      >
        <span>
          <Link
            replace={false}
            to="/sessions/BUS04"
          >
            <span
              className="simple title"
            >
              FileMaker in Action  Custom Apps for Manufacturing and Warehouses
            </span>
          </Link>
        </span>
        <br />
        <span
          className="location"
        >
          Osceola 1 - 3
        </span>
      </div>
    </div>
    <div
      className="flex-col-then-row hide track business"
    >
      <div
        className="track-text"
      >
        Business
      </div>
    </div>
    <div
      className="flex-col"
    >
      <button
        aria-expanded="false"
        aria-label="show-session-details-button"
        className="btn-expand-item"
        onClick={[Function]}
      >
        <FontAwesomeIcon
          icon="chevron-down"
          size="2x"
        />
      </button>
      <button
        aria-label="add-session-to-schedule-button"
        className="btn-add-to-schedule"
        onClick={[Function]}
      >
        <FontAwesomeIcon
          icon="star"
          size="2x"
        />
      </button>
    </div>
  </div>
  <div
    className="flex-footer-row toggle-content null"
  >
    <div>
      <p
        className="simple business"
      >
        Bradley Boggs (Chameleon Like, Inc.)
      </p>
      <p
        className="simple title"
      >
        Session Description
      </p>
      <p
        className="simple"
      >
        In this session, we'll cover topics that relate well to the manufacturing/warehouse space. First, two approaches to inventory; one easy-to-implement solution with unstored calcs, and a more complex solution using static fields with scripted amount updates. Next, we'll go over the creation of labels for the warehouse and how we've used automation to save a LOT of time, including taking a 60 or 90 minute process per shipment down to 30 to 60 seconds. Optionally, as time permits in the session, we will cover some of the practicalities of using FileMaker in a warehouse space.
      </p>
      <p
        className="simple title"
      >
        Session Objectives
      </p>
      <ul
        className="simple objective-list"
      >
        <li>
          An easy approach to inventory using calculation fields
        </li>
        <li>
          A more complex approach to inventory using script updates to static fields
        </li>
        <li>
          Label creation within FileMaker to save a lot of time (looping is key)
        </li>
        <li>
          Practicalities of FileMaker in a warehouse space
        </li>
      </ul>
      <p
        className="simple title"
      >
        Recommended Background
      </p>
      <p
        className="simple"
      >
        Attendees should have a basic understanding of one to many relationships, calculation fields, and global fields.
      </p>
    </div>
  </div>
</Fragment>
`;

exports[`SessionListItem component renders the SessionListItem given props 1`] = `
<Fragment>
  <div
    className="flex-item-header-row"
  >
    <div>
      <span
        className="day-name"
      >
        Tue
      </span>
       
      <span
        className="day-of-week"
      >
        6
      </span>
    </div>
    <div
      className="track business"
    >
      Business
    </div>
  </div>
  <div
    className="flex-row"
  >
    <div
      className="flex-col-then-row cell-fixed-width-50"
    >
      <div
        className="cell-fixed-width-25 hide day-right-border border-business"
      >
        <span
          className="day-name"
        >
          Tue
        </span>
         
        <span
          className="day-of-week"
        >
          6
        </span>
      </div>
      <div
        className="cell-fixed-width-25 time time-right-border border-business"
      >
        <div>
          2:45 PM
          <br />
          3:15 PM
        </div>
      </div>
      <div
        className="description"
      >
        <span>
          <Link
            replace={false}
            to="/sessions/BUS04"
          >
            <span
              className="simple title"
            >
              FileMaker in Action  Custom Apps for Manufacturing and Warehouses
            </span>
          </Link>
        </span>
        <br />
        <span
          className="location"
        >
          Osceola 1 - 3
        </span>
      </div>
    </div>
    <div
      className="flex-col-then-row hide track business"
    >
      <div
        className="track-text"
      >
        Business
      </div>
    </div>
    <div
      className="flex-col"
    >
      <button
        aria-expanded="false"
        aria-label="show-session-details-button"
        className="btn-expand-item"
        onClick={[Function]}
      >
        <FontAwesomeIcon
          icon="chevron-down"
          size="2x"
        />
      </button>
      <button
        aria-label="add-session-to-schedule-button"
        className="btn-add-to-schedule"
        onClick={[Function]}
      >
        <FontAwesomeIcon
          icon="star"
          size="2x"
        />
      </button>
    </div>
  </div>
  <div
    className="flex-footer-row toggle-content null"
  >
    <div>
      <p
        className="simple business"
      >
        Bradley Boggs (Chameleon Like, Inc.)
      </p>
      <p
        className="simple title"
      >
        Session Description
      </p>
      <p
        className="simple"
      >
        In this session, we'll cover topics that relate well to the manufacturing/warehouse space. First, two approaches to inventory; one easy-to-implement solution with unstored calcs, and a more complex solution using static fields with scripted amount updates. Next, we'll go over the creation of labels for the warehouse and how we've used automation to save a LOT of time, including taking a 60 or 90 minute process per shipment down to 30 to 60 seconds. Optionally, as time permits in the session, we will cover some of the practicalities of using FileMaker in a warehouse space.
      </p>
      <p
        className="simple title"
      >
        Session Objectives
      </p>
      <ul
        className="simple objective-list"
      >
        <li>
          An easy approach to inventory using calculation fields
        </li>
        <li>
          A more complex approach to inventory using script updates to static fields
        </li>
        <li>
          Label creation within FileMaker to save a lot of time (looping is key)
        </li>
        <li>
          Practicalities of FileMaker in a warehouse space
        </li>
      </ul>
      <p
        className="simple title"
      >
        Recommended Background
      </p>
      <p
        className="simple"
      >
        Attendees should have a basic understanding of one to many relationships, calculation fields, and global fields.
      </p>
    </div>
  </div>
</Fragment>
`;
