// Jest Snapshot v1, https://goo.gl/fbAQLP

exports[`Header component renders a Header by default 1`] = `
<Route>
  <Component />
</Route>
`;
