// Jest Snapshot v1, https://goo.gl/fbAQLP

exports[`Nav component renders a Nav by default 1`] = `
<Route>
  <Component />
</Route>
`;
